
> rent@0.1.0 build
> next build

   Γû▓ Next.js 16.0.7 (Turbopack)
   - Environments: .env.local

   Creating an optimized production build ...
 Γ£ô Compiled successfully in 1821.0ms
   Running TypeScript ...
node.exe : Failed to compile.
At line:1 char:1
+ & "C:\Program 
Files\nodejs/node.exe" 
"C:\Program Files\nodejs/node_mo 
...
+ ~~~~~~~~~~~~~~~~~~~~~~~~~~~~~~~~
~~~~~~~~~~~~~~~~~~~~~~~~~~~~~~~~~~
~~~
    + CategoryInfo          : Not 
   Specified: (Failed to compile  
  .:String) [], RemoteException
    + FullyQualifiedErrorId : Nat 
   iveCommandError
 

./src/app/api/bills/route.ts:107:3
9
Type error: No overload matches 
this call.
  Overload 1 of 5, '(docs: { 
currency?: StringQueryTypeCasting 
| undefined; ownerId?: 
ObjectIdQueryTypeCasting | 
undefined; defaultWaterCharge?: 
number | undefined; ... 4 more 
...; _id?: 
ObjectIdQueryTypeCasting | 
undefined; }[], options?: 
CreateOptions | undefined): 
Promise<...>', gave the following 
error.
    Object literal may only 
specify known properties, and 
'ownerId' does not exist in type 
'{ currency?: 
StringQueryTypeCasting | 
undefined; ownerId?: 
ObjectIdQueryTypeCasting | 
undefined; defaultWaterCharge?: 
number | undefined; ... 4 more 
...; _id?: 
ObjectIdQueryTypeCasting | 
undefined; }[]'.
  Overload 2 of 5, '(doc: { 
currency?: StringQueryTypeCasting 
| undefined; ownerId?: 
ObjectIdQueryTypeCasting | 
undefined; defaultWaterCharge?: 
number | undefined; ... 4 more 
...; _id?: 
ObjectIdQueryTypeCasting | 
undefined; }): Promise<...>', 
gave the following error.
    Type 'string | null | 
undefined' is not assignable to 
type 'StringQueryTypeCasting | 
undefined'.
      Type 'null' is not 
assignable to type 
'StringQueryTypeCasting | 
undefined'.
  Overload 3 of 5, '(...docs: { 
currency?: StringQueryTypeCasting 
| undefined; ownerId?: 
ObjectIdQueryTypeCasting | 
undefined; defaultWaterCharge?: 
number | undefined; ... 4 more 
...; _id?: 
ObjectIdQueryTypeCasting | 
undefined; }[]): Promise<...>', 
gave the following error.
    Type 'string | null | 
undefined' is not assignable to 
type 'StringQueryTypeCasting | 
undefined'.
      Type 'null' is not 
assignable to type 
'StringQueryTypeCasting | 
undefined'.

[0m [90m 105 |[39m         
[36mif[39m 
([33m![39msettings) {
 [90m 106 |[39m             
[90m// Create default settings 
if not exist[39m
[31m[1m>[22m[39m[90m 107 
|[39m             settings 
[33m=[39m [36mawait[39m [33mS
ettings[39m[33m.[39mcreate({
 [90m     |[39m                 
                      
[31m[1m^[22m[39m
 [90m 108 |[39m                 
ownerId[33m:[39m session[33m.[
39muser[33m.[39mid[33m,[39m
 [90m 109 |[39m                 
ownerEmail[33m:[39m session[33m
.[39muser[33m.[39memail[33m,[
39m
 [90m 110 |[39m                 
defaultWaterCharge[33m:[39m 
[35m0[39m[33m,[39m[0m
Next.js build worker exited with 
code: 1 and signal: null
